interactions:
- request:
    body: '{"resourceSpans":[{"resource":{"attributes":[{"key":"service.name","value":{"stringValue":"concurrent-service"}}]},"scopeSpans":[{"scope":{"name":"concurrent-tracer","version":"1.0.0"},"spans":[{"traceId":"123456789abcdef0123456789abcdef0","spanId":"1234567890abcdef","name":"concurrent-span-0","kind":0.0,"startTimeUnixNano":"4000000000000000000","endTimeUnixNano":"4000000001000000000","attributes":[{"key":"concurrent.index","value":{"intValue":"0"}}],"status":{"code":0.0,"message":""}}]}]}]}'
    headers:
      accept:
      - '*/*'
      accept-encoding:
      - gzip, deflate
      connection:
      - keep-alive
      content-length:
      - '496'
      content-type:
      - application/json
      host:
      - localhost:3000
      user-agent:
      - python-httpx/0.28.1
      x-fern-language:
      - Python
    method: POST
    uri: http://localhost:3000/api/v1/traces
  response:
    body:
      string: '{"partialSuccess":{}}'
    headers:
      Connection:
      - keep-alive
      Date:
      - Fri, 29 Aug 2025 02:17:48 GMT
      Keep-Alive:
      - timeout=5
      access-control-allow-credentials:
      - 'true'
      content-length:
      - '21'
      content-type:
      - application/json
      referrer-policy:
      - strict-origin-when-cross-origin
      vary:
      - Origin
      x-content-type-options:
      - nosniff
      x-frame-options:
      - DENY
      x-xss-protection:
      - 1; mode=block
    status:
      code: 200
      message: OK
- request:
    body: '{"resourceSpans":[{"resource":{"attributes":[{"key":"service.name","value":{"stringValue":"concurrent-service"}}]},"scopeSpans":[{"scope":{"name":"concurrent-tracer","version":"1.0.0"},"spans":[{"traceId":"123456789abcdef0123456789abcdef2","spanId":"1234567890abcdf1","name":"concurrent-span-2","kind":0.0,"startTimeUnixNano":"4000000000002000000","endTimeUnixNano":"4000000001002000000","attributes":[{"key":"concurrent.index","value":{"intValue":"2"}}],"status":{"code":0.0,"message":""}}]}]}]}'
    headers:
      accept:
      - '*/*'
      accept-encoding:
      - gzip, deflate
      connection:
      - keep-alive
      content-length:
      - '496'
      content-type:
      - application/json
      host:
      - localhost:3000
      user-agent:
      - python-httpx/0.28.1
      x-fern-language:
      - Python
    method: POST
    uri: http://localhost:3000/api/v1/traces
  response:
    body:
      string: '{"partialSuccess":{}}'
    headers:
      Connection:
      - keep-alive
      Date:
      - Fri, 29 Aug 2025 02:17:48 GMT
      Keep-Alive:
      - timeout=5
      access-control-allow-credentials:
      - 'true'
      content-length:
      - '21'
      content-type:
      - application/json
      referrer-policy:
      - strict-origin-when-cross-origin
      vary:
      - Origin
      x-content-type-options:
      - nosniff
      x-frame-options:
      - DENY
      x-xss-protection:
      - 1; mode=block
    status:
      code: 200
      message: OK
- request:
    body: '{"resourceSpans":[{"resource":{"attributes":[{"key":"service.name","value":{"stringValue":"concurrent-service"}}]},"scopeSpans":[{"scope":{"name":"concurrent-tracer","version":"1.0.0"},"spans":[{"traceId":"123456789abcdef0123456789abcdef1","spanId":"1234567890abcdf0","name":"concurrent-span-1","kind":0.0,"startTimeUnixNano":"4000000000001000000","endTimeUnixNano":"4000000001001000000","attributes":[{"key":"concurrent.index","value":{"intValue":"1"}}],"status":{"code":0.0,"message":""}}]}]}]}'
    headers:
      accept:
      - '*/*'
      accept-encoding:
      - gzip, deflate
      connection:
      - keep-alive
      content-length:
      - '496'
      content-type:
      - application/json
      host:
      - localhost:3000
      user-agent:
      - python-httpx/0.28.1
      x-fern-language:
      - Python
    method: POST
    uri: http://localhost:3000/api/v1/traces
  response:
    body:
      string: '{"partialSuccess":{}}'
    headers:
      Connection:
      - keep-alive
      Date:
      - Fri, 29 Aug 2025 02:17:48 GMT
      Keep-Alive:
      - timeout=5
      access-control-allow-credentials:
      - 'true'
      content-length:
      - '21'
      content-type:
      - application/json
      referrer-policy:
      - strict-origin-when-cross-origin
      vary:
      - Origin
      x-content-type-options:
      - nosniff
      x-frame-options:
      - DENY
      x-xss-protection:
      - 1; mode=block
    status:
      code: 200
      message: OK
- request:
    body: '{"resourceSpans":[{"resource":{"attributes":[{"key":"service.name","value":{"stringValue":"concurrent-service"}}]},"scopeSpans":[{"scope":{"name":"concurrent-tracer","version":"1.0.0"},"spans":[{"traceId":"123456789abcdef0123456789abcdef3","spanId":"1234567890abcdf2","name":"concurrent-span-3","kind":0.0,"startTimeUnixNano":"4000000000003000000","endTimeUnixNano":"4000000001003000000","attributes":[{"key":"concurrent.index","value":{"intValue":"3"}}],"status":{"code":0.0,"message":""}}]}]}]}'
    headers:
      accept:
      - '*/*'
      accept-encoding:
      - gzip, deflate
      connection:
      - keep-alive
      content-length:
      - '496'
      content-type:
      - application/json
      host:
      - localhost:3000
      user-agent:
      - python-httpx/0.28.1
      x-fern-language:
      - Python
    method: POST
    uri: http://localhost:3000/api/v1/traces
  response:
    body:
      string: '{"partialSuccess":{}}'
    headers:
      Connection:
      - keep-alive
      Date:
      - Fri, 29 Aug 2025 02:17:48 GMT
      Keep-Alive:
      - timeout=5
      access-control-allow-credentials:
      - 'true'
      content-length:
      - '21'
      content-type:
      - application/json
      referrer-policy:
      - strict-origin-when-cross-origin
      vary:
      - Origin
      x-content-type-options:
      - nosniff
      x-frame-options:
      - DENY
      x-xss-protection:
      - 1; mode=block
    status:
      code: 200
      message: OK
- request:
    body: '{"resourceSpans":[{"resource":{"attributes":[{"key":"service.name","value":{"stringValue":"concurrent-service"}}]},"scopeSpans":[{"scope":{"name":"concurrent-tracer","version":"1.0.0"},"spans":[{"traceId":"123456789abcdef0123456789abcdef4","spanId":"1234567890abcdf3","name":"concurrent-span-4","kind":0.0,"startTimeUnixNano":"4000000000004000000","endTimeUnixNano":"4000000001004000000","attributes":[{"key":"concurrent.index","value":{"intValue":"4"}}],"status":{"code":0.0,"message":""}}]}]}]}'
    headers:
      accept:
      - '*/*'
      accept-encoding:
      - gzip, deflate
      connection:
      - keep-alive
      content-length:
      - '496'
      content-type:
      - application/json
      host:
      - localhost:3000
      user-agent:
      - python-httpx/0.28.1
      x-fern-language:
      - Python
    method: POST
    uri: http://localhost:3000/api/v1/traces
  response:
    body:
      string: '{"partialSuccess":{}}'
    headers:
      Connection:
      - keep-alive
      Date:
      - Fri, 29 Aug 2025 02:17:48 GMT
      Keep-Alive:
      - timeout=5
      access-control-allow-credentials:
      - 'true'
      content-length:
      - '21'
      content-type:
      - application/json
      referrer-policy:
      - strict-origin-when-cross-origin
      vary:
      - Origin
      x-content-type-options:
      - nosniff
      x-frame-options:
      - DENY
      x-xss-protection:
      - 1; mode=block
    status:
      code: 200
      message: OK
version: 1
